blk_mem_gen_prim_width__parameterized40: 
muxpart__49: 
logic__51: 
logic__43: 
blk_mem_gen_prim_width__parameterized57: 
logic__116: 
blk_mem_gen_prim_wrapper_init__parameterized31: 
logic__219: 
blk_mem_gen_prim_wrapper_init__parameterized17: 
blk_mem_gen_prim_width__parameterized0: 
muxpart__53: 
blk_mem_gen_prim_width__parameterized81: 
blk_mem_gen_prim_width__parameterized87: 
logic__239: 
logic__53: 
blk_mem_gen_prim_width__parameterized49: 
muxpart__113: 
blk_mem_gen_prim_width__parameterized91: 
logic__159: 
blk_mem_gen_prim_wrapper_init__parameterized0: 
logic__266: 
blk_mem_gen_prim_width__parameterized75: 
blk_mem_gen_prim_wrapper_init__parameterized15: 
logic__102: 
muxpart__121: 
muxpart__54: 
logic__243: 
blk_mem_gen_prim_width__parameterized23: 
muxpart__1: 
logic__251: 
blk_mem_gen_prim_width__parameterized60: 
blk_mem_gen_prim_wrapper_init__parameterized29: 
logic__29: 
muxpart__48: 
blk_mem_gen_prim_wrapper_init__parameterized30: 
logic__114: 
muxpart__116: 
logic__39: 
muxpart__8: 
blk_mem_gen_prim_width__parameterized50: 
logic__207: 
logic__88: 
muxpart__13: 
muxpart__6: 
logic__16: 
blk_mem_gen_prim_width__parameterized7: 
blk_mem_gen_prim_width__parameterized12: 
muxpart__14: 
blk_mem_gen_prim_wrapper_init__parameterized51: 
blk_mem_gen_prim_width__parameterized42: 
logic__253: 
blk_mem_gen_prim_wrapper_init__parameterized68: 
muxpart__22: 
logic__33: 
logic__9: 
logic__241: 
blk_mem_gen_prim_width__parameterized80: 
muxpart__59: 
logic__11: 
muxpart__100: 
logic__62: 
logic__157: 
muxpart__18: 
muxpart__60: 
logic__163: 
blk_mem_gen_generic_cstr: 
logic__225: 
blk_mem_gen_prim_width__parameterized5: 
logic__223: 
blk_mem_gen_prim_wrapper_init__parameterized72: 
logic__41: 
blk_mem_gen_prim_wrapper_init__parameterized35: 
blk_mem_gen_prim_width__parameterized59: 
blk_mem_gen_prim_wrapper_init__parameterized48: 
blk_mem_gen_prim_width__parameterized85: 
muxpart__11: 
blk_mem_gen_prim_width__parameterized51: 
logic__195: 
logic__258: 
blk_mem_gen_prim_width__parameterized78: 
blk_mem_gen_prim_wrapper_init__parameterized89: 
blk_mem_gen_prim_wrapper_init__parameterized76: 
blk_mem_gen_prim_wrapper_init__parameterized50: 
blk_mem_gen_prim_width__parameterized20: 
blk_mem_gen_prim_width__parameterized46: 
logic__183: 
logic__35: 
muxpart__129: 
logic__92: 
blk_mem_gen_prim_width__parameterized17: 
bindec: 
muxpart__10: 
logic__248: 
blk_mem_gen_prim_width__parameterized27: 
logic__100: 
blk_mem_gen_prim_wrapper_init__parameterized2: 
blk_mem_gen_v8_4_4: 
logic__64: 
logic__237: 
blk_mem_gen_prim_wrapper_init__parameterized1: 
blk_mem_gen_prim_wrapper_init__parameterized55: 
logic__151: 
logic__2: 
logic__57: 
blk_mem_gen_prim_width__parameterized26: 
blk_mem_gen_prim_wrapper_init__parameterized11: 
logic__27: 
logic__245: 
logic__167: 
muxpart__47: 
muxpart__69: 
blk_mem_gen_prim_width__parameterized13: 
muxpart__86: 
blk_mem_gen_prim_width__parameterized44: 
muxpart__37: 
logic__229: 
muxpart__105: 
blk_mem_gen_prim_wrapper_init__parameterized14: 
blk_mem_gen_prim_width__parameterized83: 
blk_mem_gen_prim_wrapper_init__parameterized10: 
muxpart__55: 
logic__58: 
muxpart__77: 
muxpart__98: 
logic__74: 
muxpart__124: 
blk_mem_gen_prim_width__parameterized88: 
reg__2: 
blk_mem_gen_prim_width__parameterized9: 
logic__260: 
muxpart__38: 
logic__76: 
reg__1: 
muxpart__95: 
blk_mem_gen_prim_width__parameterized21: 
muxpart__90: 
blk_mem_gen_prim_wrapper_init__parameterized6: 
blk_mem_gen_prim_wrapper_init__parameterized83: 
blk_mem_gen_prim_wrapper_init__parameterized16: 
muxpart__72: 
blk_mem_gen_prim_width__parameterized70: 
blk_mem_gen_prim_wrapper_init__parameterized38: 
logic__149: 
muxpart__16: 
muxpart__118: 
logic__66: 
muxpart__50: 
muxpart__101: 
blk_mem_gen_prim_width__parameterized58: 
muxpart__39: 
muxpart__115: 
muxpart__111: 
blk_mem_gen_top: 
blk_mem_gen_prim_width__parameterized82: 
blk_mem_gen_prim_wrapper_init__parameterized71: 
logic__82: 
logic__179: 
logic__4: 
muxpart__41: 
blk_mem_gen_prim_wrapper_init__parameterized81: 
logic__31: 
blk_mem_gen_prim_wrapper_init__parameterized12: 
logic__12: 
blk_mem_gen_prim_width__parameterized16: 
muxpart__61: 
blk_mem_gen_prim_width: 
welcome_rom: 
muxpart__93: 
blk_mem_gen_prim_width__parameterized61: 
logic__135: 
logic__197: 
muxpart__107: 
blk_mem_gen_prim_wrapper_init__parameterized73: 
blk_mem_gen_prim_width__parameterized48: 
blk_mem_gen_prim_wrapper_init__parameterized70: 
blk_mem_gen_prim_wrapper_init__parameterized46: 
blk_mem_gen_prim_wrapper_init__parameterized20: 
muxpart__70: 
blk_mem_gen_prim_width__parameterized90: 
logic__161: 
logic__80: 
blk_mem_gen_prim_width__parameterized38: 
logic__215: 
logic__252: 
muxpart__109: 
muxpart__15: 
blk_mem_gen_prim_width__parameterized84: 
blk_mem_gen_prim_wrapper_init__parameterized75: 
muxpart__45: 
blk_mem_gen_prim_wrapper_init__parameterized56: 
blk_mem_gen_prim_wrapper_init__parameterized28: 
logic__217: 
logic__120: 
muxpart__119: 
logic__255: 
blk_mem_gen_prim_width__parameterized32: 
logic__20: 
muxpart__112: 
blk_mem_gen_prim_wrapper_init__parameterized79: 
blk_mem_gen_prim_width__parameterized77: 
blk_mem_gen_prim_wrapper_init__parameterized21: 
blk_mem_gen_prim_wrapper_init__parameterized39: 
logic__227: 
blk_mem_gen_prim_width__parameterized29: 
muxpart__125: 
logic__110: 
blk_mem_gen_prim_width__parameterized33: 
muxpart__78: 
blk_mem_gen_prim_wrapper_init__parameterized84: 
blk_mem_gen_prim_width__parameterized18: 
logic__193: 
muxpart__62: 
muxpart__26: 
blk_mem_gen_prim_wrapper_init__parameterized53: 
logic__175: 
blk_mem_gen_prim_wrapper_init__parameterized63: 
muxpart__28: 
logic__205: 
blk_mem_gen_prim_width__parameterized62: 
logic__171: 
logic__203: 
blk_mem_gen_prim_width__parameterized64: 
muxpart__114: 
muxpart__30: 
logic__181: 
logic__104: 
blk_mem_gen_prim_wrapper_init__parameterized5: 
muxpart__34: 
blk_mem_gen_prim_wrapper_init__parameterized24: 
muxpart__123: 
muxpart__52: 
logic__14: 
blk_mem_gen_prim_wrapper_init__parameterized19: 
muxpart__79: 
logic__256: 
blk_mem_gen_prim_width__parameterized53: 
muxpart__31: 
logic__137: 
muxpart__33: 
blk_mem_gen_prim_width__parameterized35: 
logic__5: 
logic__129: 
blk_mem_gen_prim_wrapper_init__parameterized80: 
logic__201: 
logic__7: 
blk_mem_gen_prim_wrapper_init__parameterized60: 
blk_mem_gen_prim_wrapper_init__parameterized25: 
blk_mem_gen_prim_wrapper_init: 
muxpart__64: 
blk_mem_gen_prim_width__parameterized43: 
muxpart__36: 
muxpart__117: 
logic__108: 
blk_mem_gen_prim_width__parameterized56: 
muxpart__51: 
muxpart__23: 
muxpart__127: 
blk_mem_gen_prim_width__parameterized4: 
blk_mem_gen_prim_wrapper_init__parameterized77: 
logic__96: 
blk_mem_gen_prim_wrapper_init__parameterized13: 
blk_mem_gen_prim_wrapper_init__parameterized32: 
blk_mem_gen_prim_width__parameterized2: 
reg: 
muxpart__65: 
muxpart__104: 
blk_mem_gen_prim_width__parameterized14: 
logic__84: 
blk_mem_gen_prim_width__parameterized39: 
muxpart__76: 
muxpart__40: 
muxpart__103: 
muxpart__85: 
logic__155: 
blk_mem_gen_prim_wrapper_init__parameterized74: 
muxpart: 
blk_mem_gen_prim_width__parameterized68: 
blk_mem_gen_prim_wrapper_init__parameterized44: 
blk_mem_gen_prim_wrapper_init__parameterized34: 
muxpart__96: 
blk_mem_gen_mux: 
blk_mem_gen_prim_width__parameterized66: 
logic__153: 
muxpart__68: 
logic__177: 
logic__72: 
logic__125: 
logic__235: 
logic__264: 
blk_mem_input_block: 
blk_mem_gen_prim_wrapper_init__parameterized7: 
logic__221: 
logic__211: 
blk_mem_gen_prim_wrapper_init__parameterized57: 
blk_mem_gen_prim_width__parameterized31: 
muxpart__87: 
logic__257: 
blk_mem_gen_prim_wrapper_init__parameterized26: 
muxpart__97: 
blk_mem_gen_prim_width__parameterized47: 
muxpart__74: 
muxpart__89: 
logic__141: 
muxpart__92: 
muxpart__19: 
muxpart__43: 
logic__26: 
blk_mem_output_block: 
logic__145: 
blk_mem_gen_prim_wrapper_init__parameterized40: 
blk_mem_gen_v8_4_4_synth: 
blk_mem_gen_prim_width__parameterized76: 
blk_mem_gen_prim_wrapper_init__parameterized42: 
blk_mem_gen_prim_wrapper_init__parameterized59: 
muxpart__42: 
muxpart__46: 
muxpart__126: 
blk_mem_gen_prim_width__parameterized25: 
logic__189: 
logic__233: 
blk_mem_gen_prim_width__parameterized6: 
logic__169: 
blk_mem_gen_prim_wrapper_init__parameterized4: 
blk_mem_gen_prim_wrapper_init__parameterized64: 
muxpart__80: 
logic__123: 
blk_mem_gen_prim_width__parameterized63: 
blk_mem_gen_prim_wrapper_init__parameterized27: 
muxpart__83: 
logic__247: 
muxpart__21: 
logic__127: 
logic__60: 
logic__1: 
muxpart__29: 
logic__263: 
logic__165: 
logic__185: 
blk_mem_gen_prim_width__parameterized10: 
blk_mem_gen_prim_width__parameterized71: 
muxpart__82: 
blk_mem_gen_prim_wrapper_init__parameterized85: 
logic__70: 
muxpart__73: 
muxpart__3: 
logic__265: 
blk_mem_gen_prim_wrapper_init__parameterized61: 
blk_mem_gen_prim_width__parameterized55: 
blk_mem_gen_prim_wrapper_init__parameterized36: 
muxpart__58: 
blk_mem_gen_prim_width__parameterized34: 
blk_mem_gen_prim_wrapper_init__parameterized86: 
muxpart__106: 
muxpart__24: 
blk_mem_gen_prim_wrapper_init__parameterized54: 
logic__191: 
muxpart__71: 
blk_mem_gen_prim_wrapper_init__parameterized37: 
blk_mem_gen_prim_width__parameterized28: 
logic__86: 
blk_mem_gen_prim_width__parameterized89: 
blk_mem_gen_prim_width__parameterized1: 
logic__68: 
logic__199: 
blk_mem_gen_prim_width__parameterized52: 
blk_mem_gen_prim_wrapper_init__parameterized8: 
blk_mem_gen_prim_wrapper_init__parameterized58: 
muxpart__32: 
blk_mem_gen_prim_width__parameterized45: 
blk_mem_gen_prim_wrapper_init__parameterized33: 
logic__121: 
logic__209: 
logic__98: 
logic__90: 
muxpart__67: 
muxpart__35: 
muxpart__75: 
blk_mem_gen_prim_width__parameterized8: 
logic__250: 
blk_mem_gen_prim_wrapper_init__parameterized9: 
blk_mem_gen_prim_wrapper_init__parameterized82: 
blk_mem_gen_prim_width__parameterized67: 
logic__94: 
blk_mem_gen_prim_wrapper_init__parameterized22: 
muxpart__99: 
blk_mem_gen_prim_wrapper_init__parameterized52: 
logic__131: 
blk_mem_gen_prim_wrapper_init__parameterized66: 
blk_mem_gen_prim_width__parameterized36: 
muxpart__120: 
muxpart__4: 
blk_mem_gen_prim_width__parameterized73: 
muxpart__5: 
logic__78: 
logic__213: 
muxpart__91: 
logic__139: 
logic__249: 
blk_mem_gen_prim_width__parameterized69: 
logic__187: 
muxpart__20: 
muxpart__84: 
blk_mem_gen_prim_wrapper_init__parameterized65: 
blk_mem_gen_prim_wrapper_init__parameterized43: 
blk_mem_gen_prim_width__parameterized11: 
muxpart__12: 
muxpart__102: 
blk_mem_gen_prim_width__parameterized15: 
muxpart__128: 
muxpart__110: 
blk_mem_gen_prim_width__parameterized54: 
blk_mem_gen_mux__parameterized0: 
logic__37: 
logic__24: 
logic__118: 
muxpart__94: 
blk_mem_gen_prim_width__parameterized24: 
blk_mem_gen_prim_width__parameterized86: 
blk_mem_gen_prim_wrapper_init__parameterized3: 
blk_mem_gen_prim_wrapper_init__parameterized18: 
logic__112: 
logic__47: 
logic__143: 
muxpart__88: 
muxpart__44: 
blk_mem_gen_prim_width__parameterized22: 
logic__45: 
blk_mem_gen_prim_width__parameterized65: 
muxpart__56: 
muxpart__25: 
logic: 
blk_mem_gen_prim_wrapper_init__parameterized91: 
muxpart__108: 
blk_mem_gen_prim_wrapper_init__parameterized62: 
blk_mem_gen_prim_wrapper_init__parameterized45: 
logic__55: 
muxpart__57: 
logic__262: 
blk_mem_gen_prim_width__parameterized79: 
logic__259: 
muxpart__17: 
blk_mem_gen_prim_width__parameterized30: 
muxpart__63: 
logic__254: 
blk_mem_gen_prim_wrapper_init__parameterized23: 
blk_mem_gen_prim_wrapper_init__parameterized47: 
blk_mem_gen_prim_width__parameterized74: 
muxpart__7: 
blk_mem_gen_prim_width__parameterized72: 
muxpart__122: 
logic__49: 
blk_mem_gen_prim_wrapper_init__parameterized90: 
reg__3: 
blk_mem_gen_prim_wrapper_init__parameterized87: 
blk_mem_gen_prim_wrapper_init__parameterized88: 
logic__133: 
muxpart__66: 
logic__267: 
blk_mem_gen_prim_wrapper_init__parameterized41: 
case: 
blk_mem_gen_prim_width__parameterized3: 
blk_mem_gen_prim_wrapper_init__parameterized67: 
blk_mem_gen_prim_width__parameterized19: 
blk_mem_gen_prim_width__parameterized37: 
muxpart__2: 
logic__106: 
blk_mem_gen_prim_width__parameterized41: 
logic__18: 
logic__173: 
logic__147: 
blk_mem_gen_prim_wrapper_init__parameterized78: 
muxpart__81: 
blk_mem_gen_prim_wrapper_init__parameterized69: 
logic__22: 
logic__261: 
blk_mem_gen_prim_wrapper_init__parameterized49: 
muxpart__27: 
muxpart__9: 
logic__231: 
