logic__148: 
logic__145: 
reg__18: 
muxpart__9: 
reg__21: 
logic__19: 
logic__164: 
counter: 
reg__26: 
muxpart__15: 
logic__227: 
datapath__26: 
logic__116: 
logic__34: 
case__21: 
logic__240: 
logic__170: 
reg__12: 
muxpart__23: 
dsp48e1__6: 
case__18: 
case__2: 
datapath__5: 
reg__14: 
logic__139: 
dsp48e1__5: 
logic__154: 
reg__2: 
logic__235: 
reg__17: 
logic__22: 
logic__174: 
logic__142: 
logic__40: 
reg__34: 
logic__129: 
muxpart__4: 
logic__107: 
addsub__1: 
logic__257: 
case__17: 
logic__70: 
logic__171: 
logic__157: 
logic__136: 
reg__16: 
logic__133: 
reg__23: 
logic__169: 
logic__115: 
case__1: 
logic__52: 
logic__108: 
datapath__24: 
logic__111: 
vgac: 
muxpart__19: 
case__3: 
reg: 
case__12: 
addsub__2: 
case__24: 
reg__33: 
logic__152: 
logic__82: 
logic__33: 
muxpart__16: 
logic__165: 
case__6: 
datapath__23: 
logic__162: 
logic__84: 
datapath__22: 
case__32: 
logic__131: 
case__10: 
datapath__15: 
datapath__19: 
logic__112: 
datapath: 
reg__1: 
datapath__34: 
muxpart__6: 
muxpart__8: 
datapath__9: 
logic__260: 
muxpart__24: 
case__35: 
logic__99: 
logic__113: 
reg__3: 
datapath__12: 
logic: 
logic__159: 
logic__50: 
logic__110: 
reg__32: 
logic__229: 
datapath__14: 
dsp48e1__3: 
top: 
reg__10: 
datapath__30: 
reg__20: 
logic__143: 
logic__134: 
logic__147: 
case__9: 
datapath__6: 
reg__27: 
muxpart__17: 
muxpart__2: 
datapath__17: 
logic__173: 
logic__161: 
reg__37: 
logic__242: 
datapath__21: 
datapath__28: 
create_map: 
reg__24: 
logic__44: 
case__13: 
logic__21: 
logic__155: 
dsp48e1: 
muxpart__22: 
datapath__1: 
reg__5: 
reg__13: 
datapath__31: 
datapath__2: 
clkdiv_25mhz: 
logic__12: 
signinv__2: 
reg__35: 
reg__11: 
counter__1: 
reg__38: 
case__31: 
logic__167: 
reg__39: 
logic__96: 
dsp48e1__1: 
graphics: 
logic__109: 
reg__19: 
datapath__7: 
ps2: 
datapath__8: 
addsub: 
case__23: 
muxpart__13: 
case__38: 
dsp48e1__4: 
logic__156: 
datapath__18: 
logic__153: 
reg__4: 
logic__85: 
logic__137: 
logic__48: 
logic__114: 
logic__13: 
muxpart__20: 
fsm: 
logic__132: 
case__39: 
logic__24: 
logic__243: 
datapath__33: 
muxpart__11: 
muxpart: 
logic__128: 
logic__249: 
reg__30: 
reg__28: 
logic__158: 
reg__7: 
datapath__27: 
logic__138: 
counter__2: 
logic__1: 
logic__38: 
logic__130: 
muxpart__10: 
case__30: 
case__11: 
logic__15: 
case__37: 
logic__23: 
logic__146: 
case__4: 
reg__31: 
case__19: 
case__16: 
logic__20: 
datapath__29: 
logic__135: 
logic__16: 
logic__5: 
signinv__3: 
logic__241: 
case__20: 
logic__93: 
case__15: 
muxpart__3: 
logic__172: 
logic__150: 
logic__42: 
reg__36: 
logic__168: 
muxpart__1: 
datapath__16: 
logic__58: 
dsp48e1__2: 
datapath__20: 
reg__15: 
reg__25: 
signinv: 
logic__90: 
logic__46: 
logic__149: 
datapath__25: 
case: 
reg__22: 
reg__29: 
case__26: 
logic__103: 
muxpart__12: 
move: 
case__34: 
signinv__1: 
logic__76: 
init: 
logic__166: 
muxpart__21: 
logic__230: 
addsub__3: 
logic__144: 
datapath__11: 
datapath__13: 
logic__160: 
logic__141: 
muxpart__18: 
logic__239: 
muxpart__14: 
reg__6: 
logic__27: 
case__8: 
muxpart__5: 
case__22: 
muxpart__7: 
datapath__3: 
case__33: 
logic__106: 
logic__140: 
logic__244: 
logic__64: 
logic__175: 
datapath__10: 
case__5: 
case__27: 
logic__253: 
case__29: 
logic__151: 
reg__9: 
case__25: 
logic__163: 
draw: 
datapath__32: 
datapath__4: 
reg__8: 
