top: 
datapath__35: 
logic__95: 
logic__272: 
fsm: 
reg__29: 
logic__151: 
logic__243: 
dsp48e1__1: 
counter__3: 
muxpart__9: 
logic__143: 
muxpart__16: 
AND_GATE_4_INPUTS: 
logic__231: 
dsp48e1: 
reg__20: 
case__3: 
end_wrapper: 
reg__38: 
logic__166: 
graphics: 
datapath__38: 
logic__242: 
logic__40: 
logic__312: 
reg__23: 
logic__101: 
dsp48e1__6: 
logic__168: 
datapath__28: 
case__13: 
case__1: 
case__5: 
logic__105: 
DisplayNumber: 
datapath__17: 
muxpart__3: 
logic__301: 
win_wrapper: 
ps2: 
case__24: 
datapath__37: 
logic__150: 
datapath__4: 
reg__28: 
case__44: 
logic__19: 
logic__139: 
dsp48e1__16: 
background_wrapper: 
datapath__3: 
logic__308: 
case__11: 
logic__20: 
counter__5: 
logic__160: 
logic__144: 
logic__273: 
logic__78: 
muxpart__1: 
AND_GATE_3_INPUTS: 
logic__22: 
logic__169: 
muxpart__11: 
logic__138: 
logic__241: 
logic__33: 
datapath__22: 
case__12: 
addsub: 
logic__12: 
SSeg_Dev: 
logic__84: 
logic__165: 
datapath__30: 
dsp48e1__12: 
logic__237: 
logic__154: 
logic__265: 
reg__4: 
reg__35: 
case__6: 
case__9: 
logic__245: 
logic__149: 
logic__167: 
case__14: 
dsp48e1__2: 
muxpart__8: 
dsp48e1__4: 
case__39: 
case__17: 
counter__2: 
create_map: 
case__30: 
logic__251: 
reg__33: 
muxpart__5: 
muxpart__19: 
logic__300: 
logic__157: 
addsub__2: 
reg__10: 
logic__115: 
logic__148: 
reg__36: 
datapath__9: 
logic__132: 
logic__271: 
case__40: 
logic__118: 
reg__12: 
draw: 
logic__294: 
case__4: 
muxpart__14: 
logic__246: 
reg__8: 
logic__142: 
logic__108: 
datapath__36: 
logic__54: 
datapath__20: 
reg__18: 
case__18: 
muxpart__24: 
signinv__2: 
start_wrapper: 
case__45: 
case__42: 
reg__24: 
reg__37: 
logic__72: 
road_wrapper: 
signinv__3: 
case__43: 
dsp48e1__7: 
logic__42: 
Mux4to1: 
reg__27: 
logic__244: 
logic__50: 
logic__110: 
logic__163: 
clk_10ms: 
case__32: 
logic__114: 
logic__87: 
reg__34: 
logic__66: 
reg__41: 
case__7: 
datapath__23: 
case__10: 
logic__48: 
logic__281: 
logic__140: 
set_wrapper: 
case__16: 
logic__269: 
case__31: 
datapath__2: 
muxpart__22: 
logic__297: 
alter_size_display: 
datapath__29: 
reg__13: 
datapath__8: 
case__19: 
logic__35: 
reg__19: 
logic__232: 
logic__146: 
vgac: 
logic__268: 
reg__17: 
reg__6: 
datapath__14: 
dsp48e1__9: 
init: 
player_wrapper: 
OR_GATE_3_INPUTS: 
logic__92: 
logic__304: 
case__23: 
logic__270: 
reg__7: 
reg__26: 
logic__13: 
dsp48e1__10: 
muxpart__23: 
reg: 
display_level_num: 
logic__136: 
Hex2Seg: 
logic__283: 
reg__15: 
datapath__31: 
logic__21: 
logic__34: 
logic__177: 
reg__39: 
reg__1: 
muxpart: 
dsp48e1__3: 
muxpart__26: 
counter__1: 
addsub__3: 
logic__159: 
logic__175: 
logic__305: 
logic__60: 
datapath__5: 
datapath__15: 
logic__111: 
datapath__24: 
reg__32: 
reg__30: 
logic__46: 
logic__287: 
logic__173: 
logic__229: 
datapath__6: 
reg__2: 
case__35: 
logic__36: 
wall_wrapper: 
case__20: 
logic__16: 
muxpart__7: 
case__33: 
logic__44: 
OR_GATE: 
logic__276: 
muxpart__25: 
logic__145: 
counter__4: 
logic__23: 
logic__134: 
case__27: 
reg__25: 
dsp48e1__11: 
logic__137: 
case__25: 
logic__152: 
case__36: 
logic__313: 
OR_GATE_4_INPUTS: 
reg__9: 
logic__98: 
dsp48e1__5: 
reg__5: 
logic__277: 
logic__113: 
dsp48e1__14: 
case__34: 
logic__158: 
datapath__21: 
logic__275: 
logic__116: 
case__38: 
muxpart__6: 
My74LS161_sub: 
signinv__1: 
muxpart__13: 
AND_GATE: 
reg__22: 
logic__279: 
reg__40: 
logic__161: 
logic__86: 
logic__314: 
muxpart__10: 
logic__133: 
datapath__13: 
clkdiv: 
logic__278: 
datapath__25: 
dsp48e1__13: 
logic__52: 
dsp48e1__8: 
MyMC14495: 
logic__262: 
signinv: 
reg__31: 
DisplaySync: 
muxpart__4: 
logic__109: 
reg__3: 
reg__21: 
logic__1: 
logic__259: 
datapath__18: 
case__22: 
move: 
datapath__34: 
logic__117: 
logic__147: 
datapath__27: 
logic__309: 
HexTo8SEG: 
logic__153: 
case__21: 
muxpart__21: 
clkdiv_25mhz: 
logic__280: 
logic__26: 
logic__141: 
datapath__33: 
logic__274: 
datapath__7: 
logic__135: 
datapath__26: 
datapath: 
logic__172: 
muxpart__18: 
muxpart__17: 
reg__14: 
datapath__12: 
Mux4to1b4: 
logic__155: 
Counter: 
case__28: 
datapath__10: 
logic__131: 
logic: 
dsp48e1__15: 
muxpart__20: 
datapath__1: 
datapath__32: 
logic__176: 
counter: 
logic__170: 
case__41: 
logic__15: 
muxpart__12: 
addsub__1: 
logic__162: 
logic__156: 
logic__282: 
logic__32: 
logic__171: 
logic__130: 
logic__284: 
logic__174: 
case__2: 
reg__16: 
case: 
datapath__11: 
logic__285: 
muxpart__15: 
datapath__19: 
muxpart__2: 
logic__255: 
logic__5: 
logic__112: 
logic__315: 
case__26: 
logic__164: 
reg__11: 
datapath__16: 
